../Core/Src/main.c:102:6:TransmitToSlave	24	static
../Core/Src/main.c:115:6:TransmitToMaster	24	static
../Core/Src/main.c:146:6:HAL_UART_RxCpltCallback	16	static
../Core/Src/main.c:287:5:main	8	static
../Core/Src/main.c:350:6:SystemClock_Config	72	static
../Core/Src/main.c:389:13:MX_USART1_UART_Init	8	static
../Core/Src/main.c:421:13:MX_USART2_UART_Init	8	static
../Core/Src/main.c:453:13:MX_USART3_UART_Init	8	static
../Core/Src/main.c:483:13:MX_DMA_Init	16	static
../Core/Src/main.c:506:13:MX_GPIO_Init	24	static
../Core/Src/main.c:530:6:Error_Handler	4	static,ignoring_inline_asm
