../Core/Src/main.c:105:6:TransmitToSlave	24	static
../Core/Src/main.c:118:6:TransmitToMaster	24	static
../Core/Src/main.c:151:6:HAL_UART_RxCpltCallback	16	static
../Core/Src/main.c:336:5:main	8	static
../Core/Src/main.c:399:6:SystemClock_Config	72	static
../Core/Src/main.c:438:13:MX_USART1_UART_Init	8	static
../Core/Src/main.c:470:13:MX_USART2_UART_Init	8	static
../Core/Src/main.c:502:13:MX_USART3_UART_Init	8	static
../Core/Src/main.c:532:13:MX_DMA_Init	16	static
../Core/Src/main.c:555:13:MX_GPIO_Init	40	static
../Core/Src/main.c:591:6:Error_Handler	4	static,ignoring_inline_asm
